0 0 2158560 2 0
15572800 0 2158562 2 0
62529600 0 2158564 2 0
109291200 0 2158568 2 0
109328000 0 2158566 2 0
156227200 0 2158570 2 0
218779200 0 2158572 2 0
234355200 0 2158574 2 0
280699200 0 35174760 8 0
280792000 0 37468768 8 0
280852800 0 28775584 7 0
280939200 0 42191656 4 0
281000000 0 40706320 4 0
281081600 0 338104 8 0
281184000 0 3633280 3 0
281278400 0 2158576 2 0
359398400 0 2158578 2 0
374988800 0 2158580 2 0
437518400 0 2158582 2 0
484396800 0 2158584 2 0
515617600 0 2158586 2 0
546899200 0 2158588 2 0
609395200 0 2158590 2 0
656227200 0 2158592 2 0
671884800 0 2158594 2 0
703142400 0 2158596 2 0
781195200 0 2158600 2 0
781270400 0 2158598 2 0
843769600 0 2158602 2 0
890601600 0 2158604 2 0
906265600 0 2158606 2 0
968766400 0 2158608 2 0
1015600000 0 2158610 2 0
1031190400 0 6202736 40 0
1031214400 0 2158612 2 0
1031260800 0 6160416 8 0
1031262400 0 6160400 8 0
1078142400 0 2158614 2 0
1124993600 0 2158616 2 0
1140638400 0 2158618 2 0
1203139200 0 2158620 2 0
1249990400 0 2158622 2 0
1280592000 0 6307832 8 0
1281011200 0 6304608 8 0
1281046400 0 6307712 8 0
1281145600 0 6309904 8 0
1281147200 0 6322192 8 0
1281148800 0 6300272 8 0
1281155200 0 6339040 8 0
1281166400 0 6296704 8 0
1281166400 0 6292120 8 0
1281171200 0 6293176 8 0
1281192000 0 6294176 8 0
1281222400 0 6318392 16 0
1281244800 0 6314824 16 0
1281248000 0 6303328 8 0
1281251200 0 2158624 2 0
1359387200 0 2158626 2 0
1374980800 0 2158628 2 0
1421883200 0 2158630 2 0
1468761600 0 2158632 2 0
1484328000 0 2158634 2 0
1546886400 0 2158636 2 0
1593712000 0 2158640 2 0
1593760000 0 2158638 2 0
1640633600 0 2158642 2 0
1703132800 0 2158644 2 0
1734294400 0 2158646 2 0
1750003200 0 2158648 2 0
1796763200 0 2158650 2 0
1843731200 0 2158654 2 0
1843755200 0 2158652 2 0
1874998400 0 2158656 2 0
1921881600 0 2158658 2 0
1984225600 0 2158660 2 0
2015588800 0 2158662 2 0
2031254400 0 2158664 2 0
2093753600 0 2158666 2 0
2140596800 0 2158668 2 0
2140628800 0 2158670 2 0
2187454400 0 2158672 2 0
2250001600 0 2158674 2 0
2265568000 0 2158676 2 0
2281110400 0 40706320 7 0
2281163200 0 3923808 24 0
2312500800 0 2158678 2 0
2374950400 0 2158680 2 0
2390593600 0 2158682 2 0
2421873600 0 2158684 2 0
2468745600 0 2158686 2 0
2515582400 0 2158688 2 0
2515624000 0 2158690 2 0
2546865600 0 2158692 2 0
2593745600 0 2158694 2 0
2624944000 0 2158696 2 0
2640620800 0 2158698 2 0
2687491200 0 2158700 2 0
2749977600 0 2158702 2 0
2796868800 0 2158704 2 0
2812406400 0 2158706 2 0
2843736000 0 2158708 2 0
2906241600 0 2158710 2 0
2953116800 0 2158712 2 0
2968731200 0 2158714 2 0
2999987200 0 2158716 2 0
3046860800 0 2158718 2 0
3093692800 0 2158720 2 0
3109361600 0 2158722 2 0
3156240000 0 2158724 2 0
3218739200 0 2158726 2 0
3249953600 0 2158728 2 0
3249987200 0 2158730 2 0
3281174400 0 40706320 8 0
3359361600 0 2158732 2 0
3421862400 0 2158734 2 0
3437401600 0 2158736 2 0
3499948800 0 2158740 2 0
3499985600 0 2158738 2 0
3546851200 0 2158742 2 0
3593734400 0 2158744 2 0
3609353600 0 2158746 2 0
3656163200 0 2158748 2 0
3718697600 0 2158750 2 0
3781200000 0 2158752 2 0
3843705600 0 2158754 2 0
3921812800 0 2158756 2 0
3968688000 0 2158758 2 0
4031169600 0 2158760 2 0
4078064000 0 2158762 2 0
4124940800 0 2158764 2 0
4124964800 0 2158766 1 0
4138268800 0 4260448 16 0
4138356800 0 37046392 48 0
4138483200 0 1863520 112 0
4138700800 0 1863632 16 0
4138788800 0 1864800 16 0
4138865600 0 1864816 16 0
4138963200 0 1864832 96 0
4139176000 0 37046440 16 0
4139262400 0 37046456 16 0
4139352000 0 37046472 16 0
4139440000 0 37046488 16 0
4139524800 0 1865184 80 0
4139708800 0 1073880 64 0
4139862400 0 524848 16 0
4139948800 0 4264912 32 0
4140065600 0 4079912 16 0
4140153600 0 4264688 16 0
4140283200 0 4264976 48 0
4140396800 0 1346952 16 0
4140508800 0 2158767 1 0
4140552000 0 4260712 16 0
4187440000 0 2158768 2 0
4265564800 0 2158770 2 0
4281134400 0 40706320 10 0
4359308800 0 2158772 2 0
4421817600 0 2158774 2 0
4484313600 0 2158776 2 0
4531190400 0 2158778 2 0
4578072000 0 2158780 2 0
4656180800 0 2158782 2 0
4703054400 0 2158784 2 0
4765555200 0 2158786 2 0
4843680000 0 2158788 2 0
4921796800 0 2158790 2 0
4984219200 0 3026008 2 0
4984222400 0 3020144 2 0
4984225600 0 6160424 8 0
4984230400 0 970280 32 0
4984248000 0 3031640 2 0
4984249600 0 3568784 1 0
4984251200 0 6202784 8 0
4984251200 0 1757664 32 0
4984252800 0 6202792 8 0
4984260800 0 2446392 3 0
4984268800 0 3568794 8 0
4984272000 0 3031642 8 0
4984291200 0 2158792 2 0
4984294400 0 1757312 32 0
4984299200 0 1757312 32 0
4984300800 0 991048 32 0
4984300800 0 3026010 6 0
4984300800 0 1793784 32 0
4984302400 0 3031672 1 0
4984302400 0 673960 32 0
4984302400 0 987496 32 0
4984304000 0 1353832 32 0
4984304000 0 950872 32 0
4984304000 0 1793976 32 0
4984305600 0 1793624 32 0
4984305600 0 950872 32 0
4984307200 0 970280 32 0
4984312000 0 3031650 6 0
4984312000 0 1757320 8 0
4984320000 0 6160416 8 0
4984326400 0 1757688 8 0
4984326400 0 3031704 8 0
4984329600 0 6202776 8 0
4984331200 0 2446403 16 0
4984331200 0 6160416 8 0
4984332800 0 6160424 8 0
4984334400 0 6160416 8 0
4984334400 0 1757312 8 0
4984336000 0 6160424 8 0
4984336000 0 6160424 8 0
4984337600 0 2446395 8 0
4984337600 0 6160416 8 0
4984337600 0 3031675 5 0
4984337600 0 3031689 7 0
4984337600 0 6314824 8 0
4984339200 0 2446427 8 0
4984339200 0 3568784 1 0
4984339200 0 6160416 8 0
4984339200 0 3031704 8 0
4984339200 0 3568786 8 0
4984339200 0 6160424 8 0
4984339200 0 2446419 8 0
4984339200 0 3031704 8 0
4984339200 0 6160424 8 0
4984339200 0 1757312 8 0
4984339200 0 950872 8 0
4984339200 0 2446435 8 0
4984339200 0 6314824 8 0
4984339200 0 970280 8 0
4984340800 0 1757312 8 0
4984340800 0 6160416 8 0
4984345600 0 3031673 2 0
4984345600 0 3031688 1 0
4984347200 0 3031672 1 0
4984347200 0 3568785 1 0
4984347200 0 3031688 1 0
5031166400 0 2158794 2 0
5093680000 0 2158796 2 0
5156176000 0 2158798 2 0
5218651200 0 2158800 2 0
5249849600 0 2158802 34 0
5249955200 0 2158836 1 0
5249966400 0 2158837 1 0
5281161600 0 40706328 4 0
5312422400 0 2158838 2 0
5359300800 0 2158840 2 0
5421798400 0 2158842 2 0
5468675200 0 2158844 2 0
5515502400 0 2158846 2 0
5562409600 0 2158848 2 0
5609289600 0 2158850 2 0
5640548800 0 2158852 2 0
5703046400 0 2158854 2 0
5734297600 0 2158856 2 0
5781166400 0 2158858 2 0
5828038400 0 2158860 2 0
5874883200 0 2158862 2 0
5921793600 0 2158864 2 0
5968670400 0 2158866 2 0
6015542400 0 2158868 2 0
6031155200 0 6202800 16 0
6031198400 0 6160424 8 0
6031200000 0 6160408 8 0
6078033600 0 2158870 2 0
6124916800 0 2158872 2 0
6171788800 0 2158874 2 0
6218659200 0 2158876 2 0
6265539200 0 2158878 2 0
6281164800 0 40706328 8 0
6328035200 0 2158880 2 0
6374913600 0 2158882 2 0
6421784000 0 2158884 2 0
6468665600 0 2158886 2 0
6515534400 0 2158888 2 0
6546792000 0 2158890 2 0
6609284800 0 2158892 2 0
6640537600 0 2158894 2 0
6687417600 0 2158896 2 0
6734283200 0 2158898 2 0
6781153600 0 2158900 2 0
6812419200 0 2158902 2 0
6859281600 0 2158904 2 0
6906160000 0 2158906 2 0
6953016000 0 2158908 2 0
6999904000 0 2158910 2 0
7046779200 0 2158912 2 0
7093652800 0 2158914 2 0
7140520000 0 2158916 2 0
7171776000 0 2158918 2 0
7234286400 0 2158920 2 0
7265518400 0 2158922 2 0
7281089600 0 40706328 11 0
7328017600 0 2158924 2 0
7374899200 0 2158926 2 0
7421769600 0 2158928 2 0
7465209600 0 6311536 8 1
7465464000 0 1502410 16 1
7479452800 0 2069960 62 1
7480808000 0 2146224 64 1
7484275200 0 2158930 2 0
7515516800 0 2158932 3 0
7515561600 0 2158935 1 0
7562396800 0 2158936 2 0
7624892800 0 2158938 2 0
7671771200 0 2158940 2 0
7718648000 0 2158942 2 0
7734227200 0 36835874 24 1
7734254400 0 36850225 32 1
7765510400 0 2158944 2 0
7828011200 0 2158946 2 0
7874888000 0 2158948 2 0
7921764800 0 2158950 2 0
7968636800 0 2158952 2 0
8031144000 0 2158954 2 0
8078020800 0 2158956 2 0
8109278400 0 2158958 2 0
8156145600 0 2158960 2 0
8203008000 0 2158962 2 0
8249886400 0 2158964 2 0
8281128000 0 40706336 7 0
8296764800 0 2158966 2 0
8306286400 0 6311168 8 1
8308712000 0 2459112 32 1
8322630400 0 2459552 16 1
8326140800 0 2460760 10 1
8326707200 0 2459144 128 1
8326977600 0 2460392 16 1
8327084800 0 2459568 8 1
8327596800 0 2460416 8 1
8327851200 0 2460408 8 1
8338268800 0 35205098 8 1
8338723200 0 2459624 128 1
8343140800 0 2459114 64 1
8343217600 0 2460370 60 1
8343252800 0 2459778 64 1
8343332800 0 2460480 64 1
8343387200 0 2460480 32 1
8343611200 0 2158968 2 0
8343632000 0 36835250 8 1
8343640000 0 40706336 7 0
8352297600 0 35207074 40 1
8359099200 0 6311176 8 1
8367772800 0 2461272 8 1
8373724800 0 2461274 63 1
8374660800 0 35207118 29 1
8374668800 0 2461339 32 1
8374756800 0 2461337 2 1
8390096000 0 2461371 32 1
8390172800 0 2459554 64 1
8390195200 0 2459314 64 1
8390195200 0 2459202 64 1
8390196800 0 2459666 64 1
8390225600 0 2459426 64 1
8390257600 0 2459266 48 1
8390257600 0 2459618 48 1
8390270400 0 2459378 48 1
8390307200 0 2459178 24 1
8390308800 0 2460454 26 1
8390339200 0 2460430 24 1
8390512000 0 2158970 2 0
8399126400 0 35205890 64 1
8399256000 0 35205314 8 1
8404772800 0 35205354 8 1
8405960000 0 35205386 16 1
8414614400 0 35206418 64 1
8417428800 0 6309328 8 1
8418736000 0 35205746 64 1
8421284800 0 35205418 32 1
8421491200 0 35205458 48 1
8421512000 0 35205330 16 1
8421531200 0 2460744 26 1
8421534400 0 2460544 32 1
8421579200 0 35205730 16 1
8434830400 0 35206194 64 1
8434939200 0 35205114 48 1
8437099200 0 35205810 40 1
8437392000 0 2158972 2 0
8446652800 0 2611752 8 1
8447092800 0 22198746 56 1
8449577600 0 2611472 8 1
8451644800 0 2611480 128 1
8452542400 0 2611608 120 1
8452651200 0 35205570 64 1
8462024000 0 35205706 8 1
8462456000 0 15196088 8 1
8465380800 0 2611538 64 1
8466160000 0 15195200 8 1
8467513600 0 15195384 8 1
8467544000 0 2611760 54 1
8468483200 0 15195136 8 1
8468488000 0 15195376 8 1
8468497600 0 2611748 1 1
8478024000 0 35206970 64 1
8479366400 0 15192288 8 1
8483601600 0 35205642 56 1
8483708800 0 35206034 64 1
8483934400 0 35206322 64 1
8484097600 0 15195440 8 1
8484259200 0 2158974 2 0
8496008000 0 2461816 64 1
8496134400 0 2463496 32 1
8497795200 0 2050864 16 1
8498164800 0 2462242 64 1
8498835200 0 2463536 32 1
8499030400 0 2050992 16 1
8509808000 0 35292082 32 1
8513248000 0 35290274 24 1
8514008000 0 35289986 16 1
8514294400 0 35290306 64 1
8515187200 0 2463354 61 1
8515204800 0 2461818 64 1
8515337600 0 35290370 16 1
8515364800 0 35290450 8 1
8527252800 0 35290754 64 1
8527993600 0 35290586 32 1
8530228800 0 35290626 64 1
8530486400 0 35290818 64 1
8530817600 0 35290690 64 1
8530859200 0 35292114 20 1
8531059200 0 2158976 2 0
8535104000 0 35290882 64 1
8542014400 0 35291074 64 1
8545360000 0 35290946 64 1
8546619200 0 35291010 64 1
8546681600 0 35291202 56 1
8546684800 0 35291138 64 1
8546688000 0 35291334 7 1
8546718400 0 35291285 9 1
8560763200 0 2463416 32 1
8561723200 0 2462050 64 1
8561729600 0 2462114 64 1
8561907200 0 2461930 64 1
8562041600 0 35205514 56 1
8562065600 0 2461882 48 1
8562081600 0 2461994 56 1
8562110400 0 2463448 32 1
8562201600 0 2463480 16 1
8571540800 0 2455016 64 1
8574156800 0 2455327 32 1
8574467200 0 2455234 57 1
8577142400 0 2455122 64 1
8577505600 0 2455018 64 1
8577699200 0 2455320 64 1
8577780800 0 2455291 32 1
8578016000 0 2158978 2 0
8593476800 0 957010 64 1
8593529600 0 957074 64 1
8593536000 0 956818 64 1
8601296000 0 42938856 64 1
8607771200 0 42940522 32 1
8608643200 0 42940554 8 1
8608780800 0 42940602 32 1
8608867200 0 42940586 16 1
8609110400 0 42938858 8 1
8619657600 0 2177544 32 1
8622204800 0 42939602 16 1
8623761600 0 2177576 43 1
8624884800 0 2158980 2 0
8652576000 0 2069888 42 1
8653884800 0 2069978 32 1
8654096000 0 2146226 40 1
8655168000 0 2146266 22 1
8655926400 0 2069930 25 1
8655939200 0 2069955 23 1
8671484800 0 2455082 40 1
8671534400 0 2455359 32 1
8671760000 0 2158982 2 0
8682051200 0 6311904 8 1
8682680000 0 2568336 64 1
8684622400 0 2568434 64 1
8699046400 0 2567680 8 1
8699342400 0 2568834 58 1
8699758400 0 2568968 32 1
8702592000 0 2568338 64 1
8702848000 0 6311896 8 1
8717160000 0 2569248 32 1
8717952000 0 2568968 64 1
8718084800 0 2567682 61 1
8718188800 0 2568908 32 1
8718358400 0 2568402 32 1
8718411200 0 2569120 32 1
8718412800 0 2569088 32 1
8718414400 0 2569152 32 1
8718414400 0 2569184 32 1
8718416000 0 2569216 32 1
8718416000 0 2569024 32 1
8718416000 0 2569056 32 1
8718416000 0 2568940 28 1
8718441600 0 2567744 21 1
8718459200 0 2568892 16 1
8718500800 0 2567743 1 1
8734009600 0 2569000 24 1
8734267200 0 2158984 2 0
8765497600 0 2158986 2 0
8809339200 0 6309528 8 1
8809345600 0 2215928 64 1
8812086400 0 2215930 53 1
8812092800 0 2215985 11 1
8812206400 0 2215983 2 1
8821073600 0 1077944 64 1
8823545600 0 1078009 31 1
8824361600 0 1338736 1 1
8825708800 0 6308568 8 1
8827745600 0 1077945 32 1
8828009600 0 2158988 2 0
8840091200 0 2232454 4 1
8841321600 0 2232136 64 1
8842473600 0 2232266 64 1
8843100800 0 6309664 8 1
8843473600 0 6309648 8 1
8855364800 0 1484144 8 1
8857516800 0 1545001 32 1
8857806400 0 1545000 1 1
8858884800 0 2232423 31 1
8858918400 0 2232362 61 1
8858926400 0 2232138 64 1
8858940800 0 2232202 64 1
8859048000 0 1484146 22 1
8859209600 0 2158990 2 0
8865731200 0 35205186 40 1
8868688000 0 2232777 32 1
8873260800 0 35206130 64 1
8873572800 0 35206106 24 1
8874579200 0 2232416 60 1
8874612800 0 2232585 32 1
8874660800 0 2232737 32 1
8874662400 0 2232705 32 1
8874716800 0 2232584 8 1
8885232000 0 2014960 64 1
8887043200 0 2051537 32 1
8888252800 0 2042000 27 1
8890150400 0 2015043 37 1
8890195200 0 2232673 32 1
8901152000 0 2051536 1 1
8903177600 0 2042107 57 1
8905635200 0 2014963 64 1
8905857600 0 2042165 19 1
8905923200 0 2051585 25 1
8905955200 0 2015027 16 1
8906128000 0 2158992 2 0
8917254400 0 1981472 7 1
8917929600 0 1816376 8 1
8918548800 0 6312400 8 1
8921617600 0 1981476 2 1
8921628800 0 1981474 1 1
8921630400 0 1981475 1 1
8931852800 0 6309952 8 1
8932924800 0 2002538 64 1
8933649600 0 1903144 64 1
8936108800 0 2002879 32 1
8952374400 0 2002911 32 1
8952467200 0 2002991 16 1
8952488000 0 2002488 50 1
8952502400 0 1903146 64 1
8952625600 0 2002786 60 1
8952678400 0 1903210 14 1
8952678400 0 2002872 64 1
8952710400 0 2002959 32 1
8952780800 0 2003007 32 1
8952806400 0 2002854 25 1
8952857600 0 2002846 8 1
8953012800 0 2158994 2 0
8964321600 0 2149432 64 1
8964662400 0 6310680 8 1
8965480000 0 2168994 64 1
8978809600 0 2168992 2 1
8979952000 0 2231067 32 1
8983622400 0 2149434 64 1
8983777600 0 2231002 60 1
8983888000 0 2149498 22 1
8983982400 0 2231099 32 1
8984036800 0 2231062 5 1
8995419200 0 2123824 8 1
8996041600 0 2124218 57 1
8997342400 0 2124342 3 1
8999406400 0 2123922 64 1
8999560000 0 2123826 64 1
8999779200 0 2158996 2 0
8999835200 0 6308776 8 1
9011361600 0 2531146 64 1
9012360000 0 2458674 32 1
9014998400 0 2124275 32 1
9015168000 0 2230938 64 1
9015204800 0 2458586 58 1
9015216000 0 2531090 56 1
9028235200 0 6309504 8 1
9030742400 0 2458644 30 1
9030899200 0 2458810 32 1
9040276800 0 2213736 64 1
9043641600 0 1071266 7 1
9046019200 0 2214070 32 1
9046409600 0 2214064 64 1
9046436800 0 2214002 64 1
9046436800 0 2214066 4 1
9046438400 0 2213866 64 1
9046448000 0 2213738 64 1
9046451200 0 2213802 64 1
9046505600 0 2214230 32 1
9046529600 0 2214198 32 1
9046619200 0 1071273 1 1
9046651200 0 2158998 2 0
9062124800 0 2231139 27 1
9062129600 0 2214102 32 1
9069958400 0 35206578 64 1
9088972800 0 35205858 24 1
9093630400 0 2159000 2 0
9140513600 0 2159002 2 0
9202995200 0 2159004 2 0
9249876800 0 2159006 2 0
9296748800 0 2159008 2 0
9343558400 0 40706336 10 0
9343609600 0 42191656 5 0
9343625600 0 2159010 2 0
9437369600 0 2159012 2 0
9484260800 0 2159014 2 0
9531123200 0 2159016 2 0
9593619200 0 2159018 2 0
9640483200 0 2159020 2 0
9687369600 0 2159022 2 0
9734254400 0 2159024 2 0
9796657600 0 1974248 8 0
9796734400 0 2159026 6 0
9796782400 0 1974264 2 0
9843625600 0 1974266 2 0
9874876800 0 1974268 2 0
9921742400 0 1974270 2 0
9968616000 0 1974272 2 0
9999875200 0 1974274 2 0
10046750400 0 1974276 2 0
10109240000 0 1974278 2 0
10140496000 0 1974280 2 0
10202985600 0 1974282 2 0
10249875200 0 1974284 2 0
10296740800 0 1974286 2 0
10343475200 0 6202816 48 0
10343507200 0 3031704 8 0
10343585600 0 40706344 5 0
10359251200 0 1974288 2 0
10406121600 0 1974290 2 0
10468609600 0 1974292 2 0
10515473600 0 1974294 2 0
10577977600 0 1974296 2 0
10624854400 0 1974298 2 0
10702977600 0 1974300 2 0
10765483200 0 1974302 2 0
10812353600 0 1745224 2 0
10843198400 0 2458522 64 1
10843276800 0 2531210 64 1
10843286400 0 2458418 64 1
10843286400 0 2531298 30 1
10854924800 0 2458384 34 1
10859030400 0 2531274 24 1
10859086400 0 2458842 6 1
10859236800 0 1745226 2 0
10906105600 0 1745228 2 0
10968529600 0 1745230 2 0
10968617600 0 1745233 2 0
10968640000 0 1745232 1 0
10984200000 0 1745235 2 0
11015456000 0 1745237 2 0
11031104000 0 6202864 8 0
11031126400 0 1361632 8 0
11077966400 0 1745239 2 0
11077995200 0 1745241 2 0
11124888000 0 1745243 2 0
11187380800 0 1745245 2 0
11202948800 0 1745247 2 0
11234241600 0 1745249 2 0
11265504000 0 1745251 2 0
11312324800 0 1745253 2 0
11390460800 0 1745255 2 0
11390510400 0 1745257 2 0
11453004800 0 1745259 2 0
11562380800 0 1745261 2 0
11656105600 0 1745265 2 0
11656128000 0 1745263 2 0
11703001600 0 1745267 2 0
11749880000 0 1745269 2 0
11781097600 0 1745271 2 0
11812329600 0 1745273 2 0
11843630400 0 1745275 2 0
11890372800 0 1745279 2 0
11890478400 0 1745277 2 0
11937377600 0 1745281 2 0
12015436800 0 1745283 2 0
12015504000 0 1745285 2 0
12062304000 0 1745287 2 0
12109217600 0 1745289 2 0
12109251200 0 1745291 2 0
12171747200 0 1745293 2 0
12218625600 0 1745295 2 0
12234214400 0 1745297 2 0
12265494400 0 1745299 2 0
12327993600 0 1745301 2 0
12343572800 0 40706344 9 0
12359153600 0 1745303 2 0
12374873600 0 1745305 2 0
12421745600 0 1745307 2 0
12452996800 0 1745309 2 0
12484196800 0 1745311 2 0
12499854400 0 1745313 2 0
12531120000 0 1745315 2 0
12577945600 0 1745319 2 0
12577995200 0 1745317 2 0
12609238400 0 1745321 2 0
12656040000 0 1745323 2 0
12687369600 0 1745325 2 0
12734200000 0 1745327 2 0
12734236800 0 1745329 2 0
12781115200 0 1745331 2 0
12827990400 0 1745333 2 0
12859240000 0 1745335 2 0
12874790400 0 1745337 2 0
12906115200 0 1745339 2 0
12952988800 0 1745341 2 0
12984192000 0 1745343 2 0
12999862400 0 1745345 2 0
13046630400 0 1745347 2 0
13046718400 0 1745349 2 0
13093609600 0 1745351 2 0
13140489600 0 1745353 2 0
13156078400 0 1745355 2 0
13171736000 0 1745357 2 0
13218603200 0 1745359 2 0
13249760000 0 1745361 2 0
13296737600 0 1745363 2 0
13312329600 0 1745365 2 0
13343571200 0 40706352 2 0
13343611200 0 1745367 2 0
13390267200 0 1745369 2 0
13437358400 0 1745371 2 0
13452952000 0 1745373 2 0
13468585600 0 1745375 2 0
13515483200 0 1745377 2 0
13546732800 0 1745379 2 0
13562286400 0 1745381 2 0
13593608000 0 1745383 2 0
13640481600 0 1745385 2 0
13671731200 0 1745387 2 0
13702960000 0 1745389 2 0
13734227200 0 1745391 2 0
13781104000 0 1745393 2 0
13827944000 0 1745395 2 0
13827945600 0 1745397 2 0
13859225600 0 1745399 2 0
13905993600 0 1745401 2 0
13937329600 0 1745403 2 0
13937350400 0 1745405 2 0
13984155200 0 1745407 2 0
14015476800 0 1745409 2 0
14031097600 0 1745411 2 0
14046721600 0 1745413 2 0
14077928000 0 1745415 2 0
14124849600 0 1745417 2 0
14187316800 0 1745421 2 0
14187347200 0 1745419 2 0
14234222400 0 1745423 2 0
14265465600 0 1745425 2 0
14312345600 0 1745427 2 0
14327918400 0 1745429 3 0
14327923200 0 1745432 1 0
14343540800 0 40706352 3 0
14359222400 0 1745433 2 0
14406096000 0 1745435 2 0
14452929600 0 1745439 2 0
14452971200 0 1745437 2 0
14546718400 0 1745441 2 0
14577966400 0 1745443 2 0
14609217600 0 1745445 2 0
14624811200 0 1745447 2 0
14656088000 0 1745449 2 0
14687344000 0 1745451 2 0
14734214400 0 1745453 2 0
14777401600 0 2459882 64 1
14781057600 0 1745455 2 0
14781089600 0 1745457 2 0
14812339200 0 1745459 2 0
14843588800 0 1745461 2 0
14890465600 0 1745463 2 0
14921683200 0 1745465 2 0
14921715200 0 1745467 2 0
14968585600 0 1745469 2 0
15015441600 0 1745471 2 0
15062337600 0 1745473 2 0
15077923200 0 1745475 2 0
15109208000 0 1745477 2 0
15135321600 0 2460226 64 1
15135593600 0 2459954 64 1
15136361600 0 2459730 48 1
15140100800 0 2460162 64 1
15140118400 0 2460058 64 1
15156062400 0 1745479 2 0
15187275200 0 1745481 2 0
15218520000 0 1745483 2 0
15265432000 0 1745485 2 0
15296662400 0 1745487 2 0
15343428800 0 40706352 4 0
15374798400 0 1745489 2 0
15390457600 0 1745491 2 0
15437328000 0 1745493 2 0
15499790400 0 1745495 2 0
15515430400 0 1745497 2 0
15577934400 0 1745499 2 0
15593577600 0 1745501 2 0
15656056000 0 1745503 2 0
15671681600 0 1745505 2 0
15718524800 0 1745507 2 0
15749828800 0 1745509 2 0
15765416000 0 1745511 2 0
15796700800 0 1745513 2 0
15858963200 0 970280 32 0
15858990400 0 1022280 32 0
15859009600 0 30676296 2 0
15859078400 0 6160416 8 0
15859091200 0 6160424 8 0
15859096000 0 3031640 2 0
15859096000 0 30675808 8 0
15859102400 0 787824 32 0
15859110400 0 987496 32 0
15859110400 0 752880 32 0
15859115200 0 30733672 2 0
15859115200 0 3020144 2 0
15859115200 0 3026008 2 0
15859115200 0 30675544 2 0
15859115200 0 30716288 2 0
15859115200 0 30675032 2 0
15859116800 0 30654824 2 0
15859116800 0 30537456 2 0
15859116800 0 30535352 2 0
15859116800 0 30677624 2 0
15859120000 0 970280 32 0
15859148800 0 6160424 8 0
15859153600 0 1034784 32 0
15859155200 0 1034592 32 0
15859160000 0 787856 32 0
15859160000 0 752880 32 0
15859161600 0 3031688 1 0
15859161600 0 986536 32 0
15859163200 0 1745515 2 0
15859179200 0 3031688 1 0
15859185600 0 3031642 8 0
15859195200 0 1034928 8 0
15859195200 0 546240 8 0
15859195200 0 6202880 8 0
15859195200 0 30675546 6 0
15859196800 0 6202872 8 0
15859196800 0 3031650 6 0
15859196800 0 3026010 6 0
15859196800 0 3031689 7 0
15859196800 0 6160416 8 0
15859196800 0 30535354 6 0
15859198400 0 30677626 6 0
15859198400 0 30716290 6 0
15859198400 0 30537458 6 0
15859198400 0 30654826 6 0
15859198400 0 6160424 8 0
15859198400 0 6160416 8 0
15859200000 0 752880 8 0
15859200000 0 30675034 6 0
15859200000 0 30676298 6 0
15859200000 0 2914026 6 0
15859200000 0 970280 8 0
15859201600 0 6160416 8 0
15859203200 0 6160424 8 0
15859203200 0 2914024 1 0
15859209600 0 2914025 1 0
15859211200 0 2914024 1 0
15890368000 0 1745517 2 0
15921601600 0 1745519 2 0
15968576000 0 1745521 2 0
15996302400 0 2462874 64 1
16015451200 0 1745523 2 0
16030940800 0 6160416 8 0
16031006400 0 6160400 8 0
16031028800 0 6202888 24 0
16031064000 0 1745525 2 0
16062324800 0 1745527 2 0
16109193600 0 1745529 2 0
16140451200 0 1745531 2 0
16187324800 0 1745533 2 0
16202851200 0 1745535 2 0
16234193600 0 1745537 2 0
16280961600 0 1745539 2 0
16312321600 0 1745541 2 0
16343060800 0 3503224 8 0
16343137600 0 40706352 6 0
16343145600 0 1022104 8 0
16343243200 0 346824 8 0
16343270400 0 1745543 2 0
16343308800 0 843720 8 0
16343406400 0 212896 8 0
16343499200 0 6291480 8 0
16343571200 0 1745545 2 0
16406070400 0 1745547 2 0
16452944000 0 1745549 2 0
16484193600 0 1745551 2 0
16515412800 0 1745555 2 0
16515444800 0 1745553 2 0
16562241600 0 1745557 2 0
16609192000 0 1745559 2 0
16640398400 0 1745561 2 0
16656027200 0 1745563 2 0
16702934400 0 1745565 2 0
16734134400 0 1745567 2 0
16749811200 0 1745569 2 0
16796683200 0 1745571 2 0
16843564800 0 1745573 2 0
16890406400 0 1745575 2 0
16890441600 0 1745577 2 0
16937276800 0 1745579 2 0
16999784000 0 1745581 2 0
17015433600 0 1745583 2 0
17046688000 0 1745585 2 0
17093561600 0 1745587 2 0
17119200000 0 2462178 64 1
17124427200 0 2459490 64 1
17124776000 0 1745589 2 0
17140433600 0 1745591 2 0
17187304000 0 1745593 2 0
17234185600 0 1745595 2 0
17280996800 0 1745599 2 0
17281052800 0 1745597 2 0
17327878400 0 1745601 2 0
17343457600 0 6160424 8 0
17343545600 0 40706352 7 0
17343547200 0 338104 8 0
17406054400 0 1745603 2 0
17468553600 0 1745605 2 0
17484155200 0 1745607 2 0
17499801600 0 1745609 2 0
17546676800 0 1745611 2 0
17593552000 0 1745613 2 0
17640404800 0 1745615 2 0
17640427200 0 1745617 2 0
17687299200 0 1745619 2 0
17749796800 0 1745621 2 0
17765396800 0 1745623 2 0
17812297600 0 1745625 2 0
17843552000 0 1745627 2 0
17890425600 0 1745629 2 0
17937278400 0 1745631 2 0
17937292800 0 1745633 2 0
17968544000 0 1745635 2 0
18015417600 0 1745637 2 0
18031016000 0 1745639 2 0
18062296000 0 1745641 2 0
18093548800 0 1745643 2 0
18155944000 0 1745647 2 0
18156017600 0 1745645 2 0
18202918400 0 1745649 2 0
18249796800 0 1745651 2 0
18281012800 0 1745653 2 0
18312291200 0 1745655 2 0
18343312000 0 3923824 8 0
18343403200 0 40706352 8 0
18343406400 0 6309848 8 0
18343417600 0 6308544 8 0
18343484800 0 6307712 8 0
18343515200 0 6311160 24 0
18343526400 0 6311896 16 0
18343531200 0 6309952 8 0
18343534400 0 6309664 8 0
18343534400 0 6309504 8 0
18343534400 0 6314824 16 0
18343536000 0 6309328 8 0
18343536000 0 6310680 8 0
18343536000 0 6309648 8 0
18343537600 0 6293232 8 0
18343537600 0 6202912 8 0
18343537600 0 6351464 8 0
18343537600 0 6294176 8 0
18343537600 0 6293176 8 0
18343537600 0 6296704 8 0
18343539200 0 6312400 8 0
18343539200 0 6311536 8 0
18343539200 0 6308568 8 0
18343540800 0 6308776 8 0
18343540800 0 6292120 8 0
18343540800 0 6309528 8 0
18343542400 0 6160416 8 0
18343542400 0 6303328 8 0
18343542400 0 6322192 8 0
18343542400 0 6339040 8 0
18359168000 0 1745657 2 0
18374660800 0 955690 56 1
18406044800 0 1745659 2 0
18421638400 0 1745661 2 0
18437268800 0 1745663 2 0
18484128000 0 1745665 2 0
18531003200 0 1745667 2 0
18531044800 0 1745669 2 0
18577756800 0 1745671 2 0
18608995200 0 1431656 2 0
18609008000 0 1745673 7 0
18609102400 0 1346968 8 0
18624747200 0 1431658 2 0
18671662400 0 1431660 2 0
18702905600 0 1431662 2 0
18749790400 0 1431664 2 0
18765380800 0 1431666 2 0
18796665600 0 1431668 2 0
18843528000 0 1431670 2 0
18874704000 0 1431672 2 0
18890412800 0 1431674 2 0
18937286400 0 1431676 2 0
18984148800 0 1431678 2 0
19030992000 0 1431680 2 0
19031036800 0 1431682 2 0
19077908800 0 1431684 2 0
19124774400 0 1431686 2 0
19156033600 0 1431688 2 0
19171620800 0 1431690 2 0
19202910400 0 1431692 2 0
19249782400 0 1431694 2 0
19296579200 0 1431696 2 0
19296625600 0 1431698 2 0
19343472000 0 40706352 9 0
19359156800 0 1431700 2 0
19421657600 0 1431702 2 0
19437256000 0 1431704 2 0
19484155200 0 1431706 2 0
19515403200 0 1431708 2 0
19562256000 0 1431710 2 0
19562272000 0 1431712 2 0
19593528000 0 1431714 2 0
19656012800 0 1431716 2 0
19702900800 0 1431718 2 0
19711243200 0 22199518 32 1
19718435200 0 1431720 2 0
19749776000 0 1431722 2 0
19781027200 0 1431724 2 0
19843524800 0 1431726 2 0
19859104000 0 1431728 2 0
19890400000 0 1431730 2 0
19937273600 0 1431732 2 0
19984147200 0 1431734 2 0
20015374400 0 1431736 2 0
20031022400 0 1431738 2 0
20077897600 0 1431740 2 0
20140353600 0 1431744 2 0
20140398400 0 1431742 2 0
20171630400 0 1431746 2 0
20234145600 0 1431748 3 0
20234150400 0 1431751 1 0
20281022400 0 1431752 2 0
20296558400 0 1431754 2 0
20327878400 0 1431756 2 0
20343496000 0 40706360 2 0
20390048000 0 2462378 64 1
20390116800 0 2460018 40 1
20398880000 0 2463154 64 1
20406019200 0 1431758 2 0
20452894400 0 1431760 2 0
20499747200 0 1431762 2 0
20499769600 0 1431764 2 0
20546638400 0 1431766 2 0
20593516800 0 1431768 2 0
20624713600 0 1431770 2 0
20640385600 0 1431772 2 0
20671640000 0 1431774 2 0
20718435200 0 1431776 2 0
20734025600 0 1431778 2 0
20796640000 0 1431780 2 0
20827889600 0 1431782 2 0
20843494400 0 1431784 2 0
20874660800 0 1431786 2 0
20921628800 0 1431788 2 0
20968512000 0 1431790 2 0
20999732800 0 1431792 2 0
20999750400 0 1431794 2 0
21030896000 0 6202920 24 0
21030960000 0 1431796 2 0
21031000000 0 6160424 8 0
21031006400 0 6160408 8 0
21171595200 0 1431798 2 0
21265336000 0 1431800 2 0
21323571200 0 4923184 16 1
21327822400 0 1431802 2 0
21336265600 0 22005160 16 1
21343356800 0 40706360 4 0
21343422400 0 3923824 8 0
21350979200 0 4676040 16 1
21353028800 0 6131280 16 1
21355900800 0 3307256 16 1
21367950400 0 1954104 16 1
21368900800 0 918600 16 1
21368960000 0 6131232 16 1
21384568000 0 1433608 16 1
21386862400 0 22853816 16 1
21401081600 0 15197184 8 1
21417697600 0 26476080 16 1
21417718400 0 749416 16 1
21431932800 0 3238944 16 1
21432384000 0 4739312 16 1
21433923200 0 3319784 16 1
21434264000 0 6145560 16 1
21448187200 0 3325376 16 1
21448296000 0 3380704 16 1
21451388800 0 3330256 16 1
21452600000 0 3380544 16 1
21452648000 0 3238992 16 1
21452852800 0 1431804 2 0
21462051200 0 3307544 16 1
21465062400 0 1005552 16 1
21465300800 0 4008656 16 1
21466508800 0 4446864 16 1
21477908800 0 22199790 32 1
21481891200 0 2458482 40 1
21499486400 0 2458706 32 1
21530972800 0 1431806 2 0
21624700800 0 1431808 2 0
21702843200 0 1431810 2 0
21765334400 0 1431812 2 0
21827852800 0 1431814 2 0
21890340800 0 1431816 2 0
21937208000 0 1431818 2 0
22015334400 0 1431820 2 0
22062203200 0 1431822 2 0
22109091200 0 1431824 2 0
22155971200 0 1431826 2 0
22218468800 0 1431828 2 0
22265340800 0 1431830 2 0
22343448000 0 40706360 6 0
22343472000 0 1431832 2 0
22421590400 0 1431834 2 0
22484094400 0 1431836 2 0
22530961600 0 1431838 2 0
22577817600 0 1431840 2 0
22624707200 0 1431842 2 0
22687203200 0 1431844 2 0
22749702400 0 1431846 2 0
22812200000 0 1431848 2 0
22843457600 0 1431850 2 0
22905958400 0 1431852 2 0
22968448000 0 1431854 2 0
23015329600 0 1431856 2 0
23093444800 0 1431858 2 0
23140326400 0 1431860 2 0
23202827200 0 1431862 2 0
23265318400 0 1431864 2 0
23327825600 0 1431866 2 0
23343411200 0 40706360 9 0
23421569600 0 1431868 2 0
23484065600 0 1431870 2 0
23562187200 0 1431872 2 0
23624691200 0 1431874 2 0
23671568000 0 1431876 2 0
23749688000 0 1431878 2 0
23796563200 0 1431880 2 0
23874676800 0 1431882 2 0
23920262400 0 37046440 16 0
23920352000 0 37046456 16 0
23920443200 0 1865184 80 0
23920630400 0 524848 16 0
23920723200 0 4264912 32 0
23920849600 0 4079912 16 0
23920942400 0 524864 16 0
23921036800 0 4264688 16 0
23921126400 0 4264976 48 0
23921299200 0 4079800 16 0
23921571200 0 1431884 2 0
23921587200 0 1431886 1 0
23934484800 0 4264960 16 0
23934572800 0 4261760 16 0
23934665600 0 4877648 16 0
23934752000 0 4260448 16 0
23934840000 0 37046392 48 0
23934881600 0 1863520 112 0
23935248000 0 1073896 48 0
23935400000 0 1863632 16 0
23935491200 0 1864800 16 0
23935579200 0 1864816 16 0
23935670400 0 1864832 96 0
23937096000 0 1431887 1 0
23937200000 0 1346952 16 0
23937204800 0 4260712 16 0
23984059200 0 1431888 2 0
24046558400 0 1431890 2 0
24093446400 0 1431892 2 0
24140289600 0 1431894 2 0
24202808000 0 1431896 2 0
24249683200 0 1431898 2 0
24312182400 0 1431900 2 0
24343076800 0 2710184 8 0
24343126400 0 6160416 8 0
24343156800 0 2710280 8 0
24343219200 0 6202944 8 0
24343227200 0 2042608 8 0
24343302400 0 40706368 3 0
24343379200 0 3923824 16 0
24343384000 0 3030952 8 0
24343403200 0 1830224 8 0
24343459200 0 2074208 8 0
24343459200 0 2432504 8 0
24343459200 0 2215904 8 0
24343460800 0 2173752 8 0
24343460800 0 2033816 8 0
24343460800 0 2078104 8 0
24343460800 0 2217624 8 0
24343460800 0 1899112 8 0
24343460800 0 2062560 8 0
24390288000 0 1431902 2 0
24437172800 0 1431904 2 0
24499688000 0 1431906 2 0
24562172800 0 1431908 2 0
24609059200 0 1431910 2 0
24687137600 0 1431912 2 0
24749676800 0 1431914 2 0
24827798400 0 1431916 2 0
24874684800 0 1431918 2 0
24921550400 0 1431920 2 0
24999672000 0 1431922 2 0
25062184000 0 1431924 2 0
25093425600 0 1431926 2 0
25140304000 0 1431928 2 0
25187180800 0 1431930 2 0
25234048000 0 1431932 2 0
25280931200 0 1431934 2 0
25327779200 0 1431936 2 0
25343156800 0 40706368 6 0
25421545600 0 1431938 2 0
25484057600 0 1431940 2 0
25530913600 0 1431942 2 0
25577800000 0 1431944 2 0
25671537600 0 1431946 2 0
25734036800 0 1431948 2 0
25796544000 0 1431950 2 0
25871184000 0 1431952 2 0
25952788800 0 1431954 2 0
25999654400 0 1431956 2 0
26030796800 0 6202952 24 0
26030940800 0 6160424 8 0
26030944000 0 6160400 8 0
26062153600 0 1431958 2 0
26124659200 0 1431960 2 0
26171523200 0 1431962 2 0
26218406400 0 1431964 2 0
26265289600 0 1431966 2 0
26311849600 0 30537456 2 0
26311868800 0 30654824 2 0
26311926400 0 30535354 6 0
26311945600 0 30537458 6 0
26311964800 0 30535352 2 0
26311995200 0 30675032 2 0
26312022400 0 2914025 1 0
26312072000 0 30654826 6 0
26312118400 0 2914024 1 0
26312136000 0 6160416 8 0
26312155200 0 752880 32 0
26312156800 0 787856 32 0
26312156800 0 787824 32 0
26312158400 0 752880 32 0
26312179200 0 6202976 8 0
26312180800 0 2914026 6 0
26312185600 0 6160424 8 0
26312188800 0 6160416 8 0
26312192000 0 6160424 8 0
26312192000 0 752880 8 0
26312200000 0 2914024 1 0
26327753600 0 1431968 2 0
26343393600 0 40706368 9 0
26405883200 0 1431970 2 0
26452777600 0 1431972 2 0
26515288000 0 1431974 2 0
26577785600 0 1431976 2 0
26655900800 0 1431978 2 0
26702780800 0 1431980 2 0
26749662400 0 1431982 2 0
26812147200 0 1431984 2 0
26890283200 0 1431986 2 0
26937155200 0 1431988 2 0
26999612800 0 1431990 2 0
27046520000 0 1431992 2 0
27109016000 0 1431994 2 0
27155897600 0 1431996 2 0
27202779200 0 1431998 2 0
27249646400 0 1432000 2 0
27312150400 0 1432002 2 0
27343280000 0 40706376 3 0
27343358400 0 3923832 8 0
28905803200 0 562792 4 0
28905811200 0 4291936 16 0
28905816000 0 562792 4 0
28905864000 0 369576 32 0
28905870400 0 369576 32 0
28905884800 0 1432888 16 0
28905884800 0 1432984 16 0
28905888000 0 853768 16 0
28905888000 0 544000 16 0
28905888000 0 4448488 16 0
28905889600 0 1432840 16 0
28905891200 0 543920 16 0
28905892800 0 740344 16 0
28905894400 0 4292048 16 0
28905894400 0 23750872 16 0
28905896000 0 4739504 16 0
28905897600 0 1432888 16 0
28905897600 0 740344 16 0
28905899200 0 4739504 16 0
28905899200 0 4291936 16 0
28905899200 0 1432984 16 0
28905900800 0 4448488 16 0
28905900800 0 543920 16 0
28905900800 0 853768 16 0
28905900800 0 1432840 16 0
28905900800 0 4292048 16 0
28905900800 0 544000 16 0
28905900800 0 23750872 16 0
28905907200 0 6160416 8 0
28905908800 0 6202984 8 0
28905910400 0 6160424 8 0
28905910400 0 6160424 8 0
28905912000 0 6160416 8 0
30984003200 0 1432007 1 0
30984006400 0 1432004 3 0
31015257600 0 1432008 2 0
31030840000 0 3031704 8 0
31046505600 0 1432010 2 0
31093376000 0 1432012 2 0
31155880000 0 1432014 2 0
31187131200 0 1432016 2 0
31249628800 0 1432018 2 0
31327752000 0 1432020 2 0
31390248000 0 1432022 2 0
31421500800 0 1432024 2 0
31468376000 0 1432026 2 0
31499627200 0 1432028 2 0
31530872000 0 1432030 2 0
31562118400 0 1432032 2 0
31593376000 0 1432034 2 0
31640249600 0 1432036 2 0
31671499200 0 1432038 2 0
31702747200 0 1432040 2 0
31733992000 0 1432042 2 0
31780865600 0 1432044 2 0
31796476800 0 1432046 2 0
31843372800 0 1432048 2 0
31874617600 0 1432050 2 0
31905822400 0 1432052 2 0
31937120000 0 1432054 2 0
31968364800 0 1432056 2 0
31999619200 0 1432058 2 0
32030870400 0 1432060 2 0
32077739200 0 1432062 2 0
32108984000 0 1432064 2 0
32140243200 0 1432066 2 0
32171492800 0 1432068 2 0
32218356800 0 1432070 2 0
32249606400 0 1452312 2 0
32265240000 0 1452314 2 0
32312116800 0 1452316 2 0
32327740800 0 1452318 2 0
32358980800 0 1452320 2 0
32405865600 0 1452322 2 0
32437115200 0 1452324 2 0
32468364800 0 1452326 2 0
32499614400 0 1452328 2 0
32546488000 0 1452330 2 0
32577736000 0 1452332 2 0
32624612800 0 1452334 2 0
32640236800 0 1452336 2 0
32671488000 0 1452338 2 0
32718361600 0 1452340 2 0
32749611200 0 1452342 2 0
32780860800 0 1452344 2 0
32812110400 0 1452346 2 0
32843360000 0 1452348 2 0
32874609600 0 1452350 2 0
32905849600 0 1452352 2 0
32937108800 0 1452354 2 0
32968358400 0 1452356 2 0
32999608000 0 1452358 2 0
33030804800 0 1452360 2 0
33062107200 0 1452362 2 0
33108980800 0 1452364 2 0
33140232000 0 1452366 2 0
33171480000 0 1452368 2 0
33202721600 0 1452392 2 0
33202721600 0 1452370 6 0
33202724800 0 1452376 8 0
33233979200 0 1452394 2 0
33265228800 0 1452396 2 0
33312102400 0 1452398 2 0
33343353600 0 1452400 2 0
33390217600 0 1452402 2 0
33437102400 0 1452404 2 0
33468352000 0 1452406 2 0
33499596800 0 1452408 2 0
33546475200 0 1452410 2 0
33577726400 0 1452412 2 0
33624600000 0 1452414 2 0
33655840000 0 1452416 2 0
33702724800 0 1452418 2 0
33718342400 0 1452420 2 0
33733972800 0 1452422 2 0
35343163200 0 6160416 8 0
35343246400 0 338104 8 0
35343312000 0 3031704 8 0
35468192000 0 1452424 34 0
35468312000 0 1452458 5 0
35468329600 0 1452463 1 0
36030713600 0 6202992 24 0
36030809600 0 6160424 8 0
36030814400 0 6160408 8 0
36343150400 0 3923832 8 0
36343248000 0 6314832 8 0
36343254400 0 6307832 8 0
36343296000 0 6318392 16 0
36343302400 0 6316968 8 0
36343304000 0 6346472 8 0
36343307200 0 6322192 8 0
36343308800 0 6339040 8 0
36343308800 0 6303328 8 0
36343308800 0 6293232 8 0
36921334400 0 3031640 2 0
36921339200 0 3020144 2 0
36921339200 0 3015040 2 0
36921344000 0 3006320 2 0
36921350400 0 3026008 2 0
36921355200 0 3031688 1 0
36921382400 0 971624 32 0
36921382400 0 991048 32 0
36921388800 0 990024 32 0
36921395200 0 970920 32 0
36921396800 0 970280 32 0
36921398400 0 970280 32 0
36921414400 0 6160416 8 0
36921425600 0 3031642 8 0
36921425600 0 3031689 7 0
36921425600 0 3015042 6 0
36921427200 0 6160416 8 0
36921427200 0 6160424 8 0
36921427200 0 3020146 6 0
36921427200 0 3031650 6 0
36921427200 0 3026010 6 0
36921428800 0 970280 8 0
36921430400 0 6160424 8 0
36921436800 0 3031688 1 0
40000000001 0 1310720 8 0
40000000002 0 1310728 8 1
40000000003 0 1310736 8 0
40000000004 0 1310744 8 1
40000000005 0 1310752 8 0
40000000006 0 1310760 8 1
40000000007 0 1310768 8 0
40000000008 0 1310776 8 1
40000000009 0 1310784 8 0
40000000010 0 1310792 8 1
40000000011 0 1310800 8 0
40000000012 0 1310808 8 1
40000000013 0 1310816 8 0
40000000014 0 1310824 8 1
40000000015 0 1310832 8 0
40000000016 0 1310840 8 1
40000000017 0 1310848 8 0
40000000018 0 1310856 8 1
40000000019 0 1310864 8 0
40000000020 0 1310872 8 1
40000000021 0 1310880 8 0
40000000022 0 1310888 8 1
40000000023 0 1310896 8 0
40000000024 0 1310904 8 1
40000000025 0 1310912 8 0
40000000026 0 1310920 8 1
40000000027 0 1310928 8 0
40000000028 0 1310936 8 1
40000000029 0 1310944 8 0
40000000030 0 1310952 8 1
40000000031 0 1310960 8 0
40000000032 0 1310968 8 1
40000000033 0 1310976 8 0
40000000034 0 1310984 8 1
40000000035 0 1310992 8 0
40000000036 0 1311000 8 1
40000000037 0 1311008 8 0
40000000038 0 1311016 8 1
40000000039 0 1311024 8 0
40000000040 0 1311032 8 1
40000000041 0 1311040 8 0
40000000042 0 1311048 8 1
40000000043 0 1311056 8 0
40000000044 0 1311064 8 1
40000000045 0 1311072 8 0
40000000046 0 1311080 8 1
40000000047 0 1311088 8 0
40000000048 0 1311096 8 1
40000000049 0 1311104 8 0
40000000050 0 1311112 8 1
40000000051 0 1311120 8 0
40000000052 0 1311128 8 1
40000000053 0 1311136 8 0
40000000054 0 1311144 8 1
40000000055 0 1311152 8 0
40000000056 0 1311160 8 1
40000000057 0 1311168 8 0
40000000058 0 1311176 8 1
40000000059 0 1311184 8 0
40000000060 0 1311192 8 1
40000000061 0 1311200 8 0
40000000062 0 1311208 8 1
40000000063 0 1311216 8 0
40000000064 0 1311224 8 1
40000000065 0 1311232 8 0
40000000066 0 1311240 8 1
40000000067 0 1311248 8 0
40000000068 0 1311256 8 1
40000000069 0 1311264 8 0
40000000070 0 1311272 8 1
40000000071 0 1311280 8 0
40000000072 0 1311288 8 1
40000000073 0 1311296 8 0
40000000074 0 1311304 8 1
40000000075 0 1311312 8 0
40000000076 0 1311320 8 1
40000000077 0 1311328 8 0
40000000078 0 1311336 8 1
40000000079 0 1311344 8 0
40000000080 0 1311352 8 1
40000000081 0 1311360 8 0
40000000082 0 1311368 8 1
40000000083 0 1311376 8 0
40000000084 0 1311384 8 1
40000000085 0 1311392 8 0
40000000086 0 1311400 8 1
40000000087 0 1311408 8 0
40000000088 0 1311416 8 1
40000000089 0 1311424 8 0
40000000090 0 1311432 8 1
40000000091 0 1311440 8 0
40000000092 0 1311448 8 1
40000000093 0 1311456 8 0
40000000094 0 1311464 8 1
40000000095 0 1311472 8 0
40000000096 0 1311480 8 1
40000000097 0 1311488 8 0
40000000098 0 1311496 8 1
40000000099 0 1311504 8 0
40000000100 0 1311512 8 1
40000000101 0 1311520 8 0
40000000102 0 1311528 8 1
40000000103 0 1311536 8 0
40000000104 0 1311544 8 1
40000000105 0 1311552 8 0
40000000106 0 1311560 8 1
40000000107 0 1311568 8 0
40000000108 0 1311576 8 1
40000000109 0 1311584 8 0
40000000110 0 1311592 8 1
40000000111 0 1311600 8 0
40000000112 0 1311608 8 1
40000000113 0 1311616 8 0
40000000114 0 1311624 8 1
40000000115 0 1311632 8 0
40000000116 0 1311640 8 1
40000000117 0 1311648 8 0
40000000118 0 1311656 8 1
40000000119 0 1311664 8 0
40000000120 0 1311672 8 1
40000000121 0 1311680 8 0
40000000122 0 1311688 8 1
40000000123 0 1311696 8 0
40000000124 0 1311704 8 1
40000000125 0 1311712 8 0
40000000126 0 1311720 8 1
40000000127 0 1311728 8 0
40000000128 0 1311736 8 1
40000000129 0 1311744 8 0
40000000130 0 1311752 8 1
40000000131 0 1311760 8 0
40000000132 0 1311768 8 1
40000000133 0 1311776 8 0
40000000134 0 1311784 8 1
40000000135 0 1311792 8 0
40000000136 0 1311800 8 1
40000000137 0 1311808 8 0
40000000138 0 1311816 8 1
40000000139 0 1311824 8 0
40000000140 0 1311832 8 1
40000000141 0 1311840 8 0
40000000142 0 1311848 8 1
40000000143 0 1311856 8 0
40000000144 0 1311864 8 1
40000000145 0 1311872 8 0
40000000146 0 1311880 8 1
40000000147 0 1311888 8 0
40000000148 0 1311896 8 1
40000000149 0 1311904 8 0
40000000150 0 1311912 8 1
40000000151 0 1311920 8 0
40000000152 0 1311928 8 1
40000000153 0 1311936 8 0
40000000154 0 1311944 8 1
40000000155 0 1311952 8 0
40000000156 0 1311960 8 1
40000000157 0 1311968 8 0
40000000158 0 1311976 8 1
40000000159 0 1311984 8 0
40000000160 0 1311992 8 1
40000000161 0 1312000 8 0
40000000162 0 1312008 8 1
40000000163 0 1312016 8 0
40000000164 0 1312024 8 1
40000000165 0 1312032 8 0
40000000166 0 1312040 8 1
40000000167 0 1312048 8 0
40000000168 0 1312056 8 1
40000000169 0 1312064 8 0
40000000170 0 1312072 8 1
40000000171 0 1312080 8 0
40000000172 0 1312088 8 1
40000000173 0 1312096 8 0
40000000174 0 1312104 8 1
40000000175 0 1312112 8 0
40000000176 0 1312120 8 1
40000000177 0 1312128 8 0
40000000178 0 1312136 8 1
40000000179 0 1312144 8 0
40000000180 0 1312152 8 1
40000000181 0 1312160 8 0
40000000182 0 1312168 8 1
40000000183 0 1312176 8 0
40000000184 0 1312184 8 1
40000000185 0 1312192 8 0
40000000186 0 1312200 8 1
40000000187 0 1312208 8 0
40000000188 0 1312216 8 1
40000000189 0 1312224 8 0
40000000190 0 1312232 8 1
40000000191 0 1312240 8 0
40000000192 0 1312248 8 1
40000000193 0 1312256 8 0
40000000194 0 1312264 8 1
40000000195 0 1312272 8 0
40000000196 0 1312280 8 1
40000000197 0 1312288 8 0
40000000198 0 1312296 8 1
40000000199 0 1312304 8 0
40000000200 0 1312312 8 1
