MQSim started at Fri Aug 28 19:07:48 2026

******************************
Executing scenario 1 out of 1 .......
Investigating input trace file: prn0_proj0_compact.trace
Trace file: prn0_proj0_compact.trace seems healthy
[>                   ]  0% progress in Host.IO_Flow.Trace.prn0_proj0_compact.trace

[=>                  ]  5% progress in Host.IO_Flow.Trace.prn0_proj0_compact.trace

[==>                 ]  10% progress in Host.IO_Flow.Trace.prn0_proj0_compact.trace

[===>                ]  15% progress in Host.IO_Flow.Trace.prn0_proj0_compact.trace

[====>               ]  20% progress in Host.IO_Flow.Trace.prn0_proj0_compact.trace

[=====>              ]  25% progress in Host.IO_Flow.Trace.prn0_proj0_compact.trace

[======>             ]  30% progress in Host.IO_Flow.Trace.prn0_proj0_compact.trace

[=======>            ]  35% progress in Host.IO_Flow.Trace.prn0_proj0_compact.trace

[========>           ]  40% progress in Host.IO_Flow.Trace.prn0_proj0_compact.trace

[=========>          ]  45% progress in Host.IO_Flow.Trace.prn0_proj0_compact.trace

[==========>         ]  50% progress in Host.IO_Flow.Trace.prn0_proj0_compact.trace

[===========>        ]  55% progress in Host.IO_Flow.Trace.prn0_proj0_compact.trace

[============>       ]  60% progress in Host.IO_Flow.Trace.prn0_proj0_compact.trace

[=============>      ]  65% progress in Host.IO_Flow.Trace.prn0_proj0_compact.trace

[==============>     ]  70% progress in Host.IO_Flow.Trace.prn0_proj0_compact.trace

[===============>    ]  75% progress in Host.IO_Flow.Trace.prn0_proj0_compact.trace

[================>   ]  80% progress in Host.IO_Flow.Trace.prn0_proj0_compact.trace

[=================>  ]  85% progress in Host.IO_Flow.Trace.prn0_proj0_compact.trace

[==================> ]  90% progress in Host.IO_Flow.Trace.prn0_proj0_compact.trace

[===================>]  95% progress in Host.IO_Flow.Trace.prn0_proj0_compact.trace

[====================]  100% progress in Host.IO_Flow.Trace.prn0_proj0_compact.trace

MQSim finished at Fri Aug 28 19:10:50 2026

Total simulation time: 0:3:2

Writing results to output file .......
Flow Host.IO_Flow.Trace.prn0_proj0_compact.trace - total requests generated: 9810410 total requests serviced:9810410
                   - device response time: 2042 (us) end-to-end request delay:2042 (us)
Simulation complete; Press any key to exit.
