MQSim started at Fri Aug 28 19:27:08 2026

******************************
Executing scenario 1 out of 1 .......
Investigating input trace file: prn_0_original.trace
Trace file: prn_0_original.trace seems healthy
[>                   ]  0% progress in Host.IO_Flow.Trace.prn_0_original.trace

[=>                  ]  5% progress in Host.IO_Flow.Trace.prn_0_original.trace

[==>                 ]  10% progress in Host.IO_Flow.Trace.prn_0_original.trace

[===>                ]  15% progress in Host.IO_Flow.Trace.prn_0_original.trace

[====>               ]  20% progress in Host.IO_Flow.Trace.prn_0_original.trace

[=====>              ]  25% progress in Host.IO_Flow.Trace.prn_0_original.trace

[======>             ]  30% progress in Host.IO_Flow.Trace.prn_0_original.trace

[=======>            ]  35% progress in Host.IO_Flow.Trace.prn_0_original.trace

[========>           ]  40% progress in Host.IO_Flow.Trace.prn_0_original.trace

[=========>          ]  45% progress in Host.IO_Flow.Trace.prn_0_original.trace

[==========>         ]  50% progress in Host.IO_Flow.Trace.prn_0_original.trace

[===========>        ]  55% progress in Host.IO_Flow.Trace.prn_0_original.trace

[============>       ]  60% progress in Host.IO_Flow.Trace.prn_0_original.trace

[=============>      ]  65% progress in Host.IO_Flow.Trace.prn_0_original.trace

[==============>     ]  70% progress in Host.IO_Flow.Trace.prn_0_original.trace

[===============>    ]  75% progress in Host.IO_Flow.Trace.prn_0_original.trace

[================>   ]  80% progress in Host.IO_Flow.Trace.prn_0_original.trace

[=================>  ]  85% progress in Host.IO_Flow.Trace.prn_0_original.trace

[==================> ]  90% progress in Host.IO_Flow.Trace.prn_0_original.trace

[===================>]  95% progress in Host.IO_Flow.Trace.prn_0_original.trace

[====================]  100% progress in Host.IO_Flow.Trace.prn_0_original.trace

MQSim finished at Fri Aug 28 19:28:33 2026

Total simulation time: 0:1:25

Writing results to output file .......
Flow Host.IO_Flow.Trace.prn_0_original.trace - total requests generated: 5585886 total requests serviced:5585886
                   - device response time: 2923 (us) end-to-end request delay:2923 (us)
Simulation complete; Press any key to exit.
