MQSim started at Fri Aug 28 19:41:21 2026

******************************
Executing scenario 1 out of 1 .......
Investigating input trace file: proj_0.trace
Trace file: proj_0.trace seems healthy
[>                   ]  0% progress in Host.IO_Flow.Trace.proj_0.trace

[=>                  ]  5% progress in Host.IO_Flow.Trace.proj_0.trace

[==>                 ]  10% progress in Host.IO_Flow.Trace.proj_0.trace

[===>                ]  15% progress in Host.IO_Flow.Trace.proj_0.trace

[====>               ]  20% progress in Host.IO_Flow.Trace.proj_0.trace

[=====>              ]  25% progress in Host.IO_Flow.Trace.proj_0.trace

[======>             ]  30% progress in Host.IO_Flow.Trace.proj_0.trace

[=======>            ]  35% progress in Host.IO_Flow.Trace.proj_0.trace

[========>           ]  40% progress in Host.IO_Flow.Trace.proj_0.trace

[=========>          ]  45% progress in Host.IO_Flow.Trace.proj_0.trace

[==========>         ]  50% progress in Host.IO_Flow.Trace.proj_0.trace

[===========>        ]  55% progress in Host.IO_Flow.Trace.proj_0.trace

[============>       ]  60% progress in Host.IO_Flow.Trace.proj_0.trace

[=============>      ]  65% progress in Host.IO_Flow.Trace.proj_0.trace

[==============>     ]  70% progress in Host.IO_Flow.Trace.proj_0.trace

[===============>    ]  75% progress in Host.IO_Flow.Trace.proj_0.trace

[================>   ]  80% progress in Host.IO_Flow.Trace.proj_0.trace

[=================>  ]  85% progress in Host.IO_Flow.Trace.proj_0.trace

[==================> ]  90% progress in Host.IO_Flow.Trace.proj_0.trace

[===================>]  95% progress in Host.IO_Flow.Trace.proj_0.trace

[====================]  100% progress in Host.IO_Flow.Trace.proj_0.trace

MQSim finished at Fri Aug 28 19:42:59 2026

Total simulation time: 0:1:38

Writing results to output file .......
Flow Host.IO_Flow.Trace.proj_0.trace - total requests generated: 4224524 total requests serviced:4224524
                   - device response time: 895 (us) end-to-end request delay:895 (us)
Simulation complete; Press any key to exit.
