MQSim started at Fri Aug 28 19:36:23 2026

******************************
Executing scenario 1 out of 1 .......
Investigating input trace file: proj0_prxy0_compact.trace
Trace file: proj0_prxy0_compact.trace seems healthy
[>                   ]  0% progress in Host.IO_Flow.Trace.proj0_prxy0_compact.trace

[=>                  ]  5% progress in Host.IO_Flow.Trace.proj0_prxy0_compact.trace

[==>                 ]  10% progress in Host.IO_Flow.Trace.proj0_prxy0_compact.trace

[===>                ]  15% progress in Host.IO_Flow.Trace.proj0_prxy0_compact.trace

[====>               ]  20% progress in Host.IO_Flow.Trace.proj0_prxy0_compact.trace

[=====>              ]  25% progress in Host.IO_Flow.Trace.proj0_prxy0_compact.trace

[======>             ]  30% progress in Host.IO_Flow.Trace.proj0_prxy0_compact.trace

[=======>            ]  35% progress in Host.IO_Flow.Trace.proj0_prxy0_compact.trace

[========>           ]  40% progress in Host.IO_Flow.Trace.proj0_prxy0_compact.trace

[=========>          ]  45% progress in Host.IO_Flow.Trace.proj0_prxy0_compact.trace

[==========>         ]  50% progress in Host.IO_Flow.Trace.proj0_prxy0_compact.trace

[===========>        ]  55% progress in Host.IO_Flow.Trace.proj0_prxy0_compact.trace

[============>       ]  60% progress in Host.IO_Flow.Trace.proj0_prxy0_compact.trace

[=============>      ]  65% progress in Host.IO_Flow.Trace.proj0_prxy0_compact.trace

[==============>     ]  70% progress in Host.IO_Flow.Trace.proj0_prxy0_compact.trace

[===============>    ]  75% progress in Host.IO_Flow.Trace.proj0_prxy0_compact.trace

[================>   ]  80% progress in Host.IO_Flow.Trace.proj0_prxy0_compact.trace

[=================>  ]  85% progress in Host.IO_Flow.Trace.proj0_prxy0_compact.trace

[==================> ]  90% progress in Host.IO_Flow.Trace.proj0_prxy0_compact.trace

[===================>]  95% progress in Host.IO_Flow.Trace.proj0_prxy0_compact.trace

[====================]  100% progress in Host.IO_Flow.Trace.proj0_prxy0_compact.trace

MQSim finished at Fri Aug 28 19:41:08 2026

Total simulation time: 0:4:45

Writing results to output file .......
Flow Host.IO_Flow.Trace.proj0_prxy0_compact.trace - total requests generated: 16743492 total requests serviced:16743492
                   - device response time: 1003 (us) end-to-end request delay:1003 (us)
Simulation complete; Press any key to exit.
