MQSim started at Fri Aug 28 19:45:05 2026

******************************
Executing scenario 1 out of 1 .......
Investigating input trace file: proj_0_compact2.trace
Trace file: proj_0_compact2.trace seems healthy
[>                   ]  0% progress in Host.IO_Flow.Trace.proj_0_compact2.trace

[=>                  ]  5% progress in Host.IO_Flow.Trace.proj_0_compact2.trace

[==>                 ]  10% progress in Host.IO_Flow.Trace.proj_0_compact2.trace

[===>                ]  15% progress in Host.IO_Flow.Trace.proj_0_compact2.trace

[====>               ]  20% progress in Host.IO_Flow.Trace.proj_0_compact2.trace

[=====>              ]  25% progress in Host.IO_Flow.Trace.proj_0_compact2.trace

[======>             ]  30% progress in Host.IO_Flow.Trace.proj_0_compact2.trace

[=======>            ]  35% progress in Host.IO_Flow.Trace.proj_0_compact2.trace

[========>           ]  40% progress in Host.IO_Flow.Trace.proj_0_compact2.trace

[=========>          ]  45% progress in Host.IO_Flow.Trace.proj_0_compact2.trace

[==========>         ]  50% progress in Host.IO_Flow.Trace.proj_0_compact2.trace

[===========>        ]  55% progress in Host.IO_Flow.Trace.proj_0_compact2.trace

[============>       ]  60% progress in Host.IO_Flow.Trace.proj_0_compact2.trace

[=============>      ]  65% progress in Host.IO_Flow.Trace.proj_0_compact2.trace

[==============>     ]  70% progress in Host.IO_Flow.Trace.proj_0_compact2.trace

[===============>    ]  75% progress in Host.IO_Flow.Trace.proj_0_compact2.trace

[================>   ]  80% progress in Host.IO_Flow.Trace.proj_0_compact2.trace

[=================>  ]  85% progress in Host.IO_Flow.Trace.proj_0_compact2.trace

[==================> ]  90% progress in Host.IO_Flow.Trace.proj_0_compact2.trace

[===================>]  95% progress in Host.IO_Flow.Trace.proj_0_compact2.trace

[====================]  100% progress in Host.IO_Flow.Trace.proj_0_compact2.trace

MQSim finished at Fri Aug 28 19:46:44 2026

Total simulation time: 0:1:39

Writing results to output file .......
Flow Host.IO_Flow.Trace.proj_0_compact2.trace - total requests generated: 4224524 total requests serviced:4224524
                   - device response time: 894 (us) end-to-end request delay:894 (us)
Simulation complete; Press any key to exit.
