MQSim started at Fri Aug 28 20:03:17 2026

******************************
Executing scenario 1 out of 1 .......
Investigating input trace file: src1_1.trace
Trace file: src1_1.trace seems healthy
[>                   ]  0% progress in Host.IO_Flow.Trace.src1_1.trace

[=>                  ]  5% progress in Host.IO_Flow.Trace.src1_1.trace

[==>                 ]  10% progress in Host.IO_Flow.Trace.src1_1.trace

[===>                ]  15% progress in Host.IO_Flow.Trace.src1_1.trace

[====>               ]  20% progress in Host.IO_Flow.Trace.src1_1.trace

[=====>              ]  25% progress in Host.IO_Flow.Trace.src1_1.trace

[======>             ]  30% progress in Host.IO_Flow.Trace.src1_1.trace

[=======>            ]  35% progress in Host.IO_Flow.Trace.src1_1.trace

[========>           ]  40% progress in Host.IO_Flow.Trace.src1_1.trace

[=========>          ]  45% progress in Host.IO_Flow.Trace.src1_1.trace

[==========>         ]  50% progress in Host.IO_Flow.Trace.src1_1.trace

[===========>        ]  55% progress in Host.IO_Flow.Trace.src1_1.trace

[============>       ]  60% progress in Host.IO_Flow.Trace.src1_1.trace

[=============>      ]  65% progress in Host.IO_Flow.Trace.src1_1.trace

[==============>     ]  70% progress in Host.IO_Flow.Trace.src1_1.trace

[===============>    ]  75% progress in Host.IO_Flow.Trace.src1_1.trace

[================>   ]  80% progress in Host.IO_Flow.Trace.src1_1.trace

[=================>  ]  85% progress in Host.IO_Flow.Trace.src1_1.trace

[==================> ]  90% progress in Host.IO_Flow.Trace.src1_1.trace

[===================>]  95% progress in Host.IO_Flow.Trace.src1_1.trace

[====================]  100% progress in Host.IO_Flow.Trace.src1_1.trace

MQSim finished at Fri Aug 28 20:19:37 2026

Total simulation time: 0:16:20

Writing results to output file .......
Flow Host.IO_Flow.Trace.src1_1.trace - total requests generated: 45746222 total requests serviced:45746222
                   - device response time: 156 (us) end-to-end request delay:156 (us)
Simulation complete; Press any key to exit.
