MQSim started at Fri Aug 28 20:07:57 2026

******************************
Executing scenario 1 out of 1 .......
Investigating input trace file: web_3.trace
Trace file: web_3.trace seems healthy
[>                   ]  0% progress in Host.IO_Flow.Trace.web_3.trace

[=>                  ]  5% progress in Host.IO_Flow.Trace.web_3.trace

[==>                 ]  10% progress in Host.IO_Flow.Trace.web_3.trace

[===>                ]  15% progress in Host.IO_Flow.Trace.web_3.trace

[====>               ]  20% progress in Host.IO_Flow.Trace.web_3.trace

[=====>              ]  25% progress in Host.IO_Flow.Trace.web_3.trace

[======>             ]  30% progress in Host.IO_Flow.Trace.web_3.trace

[=======>            ]  35% progress in Host.IO_Flow.Trace.web_3.trace

[========>           ]  40% progress in Host.IO_Flow.Trace.web_3.trace

[=========>          ]  45% progress in Host.IO_Flow.Trace.web_3.trace

[==========>         ]  50% progress in Host.IO_Flow.Trace.web_3.trace

[===========>        ]  55% progress in Host.IO_Flow.Trace.web_3.trace

[============>       ]  60% progress in Host.IO_Flow.Trace.web_3.trace

[=============>      ]  65% progress in Host.IO_Flow.Trace.web_3.trace

[==============>     ]  70% progress in Host.IO_Flow.Trace.web_3.trace

[===============>    ]  75% progress in Host.IO_Flow.Trace.web_3.trace

[================>   ]  80% progress in Host.IO_Flow.Trace.web_3.trace

[=================>  ]  85% progress in Host.IO_Flow.Trace.web_3.trace

[==================> ]  90% progress in Host.IO_Flow.Trace.web_3.trace

[===================>]  95% progress in Host.IO_Flow.Trace.web_3.trace

[====================]  100% progress in Host.IO_Flow.Trace.web_3.trace

MQSim finished at Fri Aug 28 20:07:58 2026

Total simulation time: 0:0:1

Writing results to output file .......
Flow Host.IO_Flow.Trace.web_3.trace - total requests generated: 31380 total requests serviced:31380
                   - device response time: 790 (us) end-to-end request delay:790 (us)
Simulation complete; Press any key to exit.
